// Jest Snapshot v1, https://goo.gl/fbAQLP

exports[`Login component renders properly 1`] = `
<MuiThemeProvider>
<<<<<<< HEAD
<<<<<<< HEAD
=======
>>>>>>> [chore] Add tests
  <Dialog
    actions={
      Array [
        <FlatButton
          disabled={false}
          fullWidth={false}
          label="Cancel"
          labelPosition="after"
          labelStyle={Object {}}
          onClick={[Function]}
          onKeyboardFocus={[Function]}
          onMouseEnter={[Function]}
          onMouseLeave={[Function]}
          onTouchStart={[Function]}
          primary={true}
          secondary={false}
      />,
        <FlatButton
          disabled={false}
          fullWidth={false}
          keyboardFocused={true}
          label="Submit"
          labelPosition="after"
          labelStyle={Object {}}
          onClick={[Function]}
          onKeyboardFocus={[Function]}
          onMouseEnter={[Function]}
          onMouseLeave={[Function]}
          onTouchStart={[Function]}
          primary={true}
          secondary={false}
      />,
      ]
    }
    autoDetectWindowHeight={true}
    autoScrollBodyContent={false}
    modal={false}
    onRequestClose={[Function]}
    open={false}
    repositionOnUpdate={true}
    title="Reset Password"
  >
    <TextField
      disabled={false}
      floatingLabelFixed={false}
      floatingLabelText="Email"
      fullWidth={false}
      hintText="Email"
      multiLine={false}
      name="email"
      onChange={[Function]}
      rows={1}
      type="text"
      underlineShow={true}
    />
  </Dialog>
<<<<<<< HEAD
=======
>>>>>>> [Feature 155119223]:
=======
>>>>>>> [chore] Add tests
  <div
    className="main"
  >
    <div
      className="tab-group"
    >
      <Link
        replace={false}
        to="/register"
      >
        <li
          className="tab"
        >
          Sign Up
        </li>
      </Link>
      <Link
        replace={false}
        to="/login"
      >
        <li
          className="tab active"
        >
          Log In
        </li>
      </Link>
    </div>
    <div
      className="inputs"
    >
      <Paper
        circle={false}
        rounded={true}
        style={
          Object {
            "margin": "auto",
            "paddingLeft": 20,
            "textAlign": "left",
            "width": 430,
          }
        }
        transitionEnabled={true}
        zDepth={2}
      >
        <p
          className="heading"
        >
          Login Here
        </p>
<<<<<<< HEAD
<<<<<<< HEAD
        <div
          className="text"
        >
          <i
            className="material-icons"
          >
            mail
          </i>
          <TextField
            disabled={false}
            floatingLabelFixed={false}
            floatingLabelText="Email"
            fullWidth={false}
            multiLine={false}
            name="email"
            onChange={[Function]}
            rows={1}
            style={
              Object {
                "marginLeft": 20,
                "width": 323,
              }
            }
            type="text"
            underlineShow={true}
            value=""
          />
          <br />
          <i
            className="material-icons"
          >
            lock
          </i>
          <TextField
            disabled={false}
            floatingLabelFixed={false}
            floatingLabelText="Password"
            fullWidth={false}
            multiLine={false}
            name="password"
            onChange={[Function]}
            rows={1}
            style={
              Object {
                "marginLeft": 20,
                "width": 323,
              }
            }
            type="password"
            underlineShow={true}
            value=""
          />
          <br />
          <br />
          <br />
        </div>
=======
        <i
          className="material-icons"
=======
        <div
          className="text"
>>>>>>> [chore] Add tests
        >
          <i
            className="material-icons"
          >
            mail
          </i>
          <TextField
            disabled={false}
            floatingLabelFixed={false}
            floatingLabelText="Email"
            fullWidth={false}
            multiLine={false}
            name="email"
            onChange={[Function]}
            rows={1}
            style={
              Object {
                "marginLeft": 20,
                "width": 323,
              }
            }
            type="text"
            underlineShow={true}
            value=""
          />
          <br />
          <i
            className="material-icons"
          >
            lock
          </i>
          <TextField
            disabled={false}
            floatingLabelFixed={false}
            floatingLabelText="Password"
            fullWidth={false}
            multiLine={false}
            name="password"
            onChange={[Function]}
            rows={1}
            style={
              Object {
                "marginLeft": 20,
                "width": 323,
              }
            }
<<<<<<< HEAD
          }
          type="password"
          underlineShow={true}
          value=""
        />
        <br />
        <br />
        <br />
>>>>>>> [Feature 155119223]:
=======
            type="password"
            underlineShow={true}
            value=""
          />
          <br />
          <br />
          <br />
        </div>
>>>>>>> [chore] Add tests
        <div
          className="buttons"
        >
          <button
            className="network"
            id="one"
            onClick={[Function]}
          >
            LOGIN
          </button>
          <Link
            replace={false}
            to="/register"
          >
            <button
              className="network"
              id="two"
            >
              Cancel
            </button>
          </Link>
          <p>
            Don't have an account? 
            <Link
              id="button"
              replace={false}
              to="/register"
              type="button"
            >
              Register Now!
            </Link>
            <br />
            <br />
<<<<<<< HEAD
<<<<<<< HEAD
            <button
              onClick={[Function]}
=======
            <Link
              onClick={[Function]}
              replace={false}
>>>>>>> [Feature 155119223]:
=======
            <button
              onClick={[Function]}
>>>>>>> [chore] Add tests
              style={
                Object {
                  "color": "#1ab188",
                  "fontSize": "14px",
                }
              }
<<<<<<< HEAD
<<<<<<< HEAD
            >
              Forgot password?
            </button>
=======
              to=""
            >
              Forgot password?
            </Link>
>>>>>>> [Feature 155119223]:
=======
            >
              Forgot password?
            </button>
>>>>>>> [chore] Add tests
          </p>
          <br />
        </div>
      </Paper>
      <br />
    </div>
  </div>
</MuiThemeProvider>
`;
