// Jest Snapshot v1, https://goo.gl/fbAQLP

exports[`NewPassword component renders properly 1`] = `
<MuiThemeProvider>
  <div
    className="main"
  >
    <div
      className="inputs"
    >
      <Paper
        circle={false}
        rounded={true}
        style={
          Object {
            "margin": "auto",
<<<<<<< HEAD
<<<<<<< HEAD
            "marginTop": 300,
=======
>>>>>>> [Feature 155119223]:
=======
            "marginTop": 300,
>>>>>>> [chore] Add tests
            "paddingLeft": 20,
            "textAlign": "left",
            "width": 430,
          }
        }
        transitionEnabled={true}
        zDepth={2}
      >
<<<<<<< HEAD
<<<<<<< HEAD
=======
>>>>>>> [chore] Add tests
        <p
          className="heading"
        >
          New Password Here
        </p>
<<<<<<< HEAD
=======
        <TextField
          disabled={false}
          floatingLabelFixed={false}
          floatingLabelText="Token"
          fullWidth={false}
          multiLine={false}
          name="token"
          onChange={[Function]}
          rows={1}
          style={
            Object {
              "marginLeft": 20,
              "width": 323,
            }
          }
          type="text"
          underlineShow={true}
          value=""
        />
        <br />
>>>>>>> [Feature 155119223]:
=======
>>>>>>> [chore] Add tests
        <TextField
          disabled={false}
          floatingLabelFixed={false}
          floatingLabelText="New Password"
          fullWidth={false}
          multiLine={false}
          name="newpassword"
          onChange={[Function]}
          rows={1}
          style={
            Object {
              "marginLeft": 20,
              "width": 323,
            }
          }
<<<<<<< HEAD
<<<<<<< HEAD
          type="password"
=======
          type="text"
>>>>>>> [Feature 155119223]:
=======
          type="password"
>>>>>>> [chore] Add tests
          underlineShow={true}
          value=""
        />
        <br />
        <button
          className="network"
          id="one"
          onClick={[Function]}
        >
          RESET
        </button>
      </Paper>
      <br />
    </div>
  </div>
</MuiThemeProvider>
`;
