// Jest Snapshot v1, https://goo.gl/fbAQLP

exports[`Register component renders properly 1`] = `
<MuiThemeProvider>
  <div
    className="main"
  >
    <div
      className="tab-group"
    >
      <Link
        replace={false}
        to="/register"
      >
        <li
          className="tab active"
        >
          Sign Up
        </li>
      </Link>
      <Link
        replace={false}
        to="/login"
      >
        <li
          className="tab"
        >
          Log In
        </li>
      </Link>
    </div>
    <div
      className="inputs"
    >
      <Paper
        circle={false}
        rounded={true}
        style={
          Object {
            "margin": "auto",
            "paddingLeft": 20,
            "textAlign": "left",
            "width": 430,
          }
        }
        transitionEnabled={true}
        zDepth={2}
      >
        <p
          className="heading"
        >
          Register Here
        </p>
        <i
          className="material-icons"
        >
          person
        </i>
        <TextField
          disabled={false}
          floatingLabelFixed={false}
          floatingLabelText="Username"
          fullWidth={false}
          multiLine={false}
          name="username"
          onChange={[Function]}
          rows={1}
          style={
            Object {
              "marginLeft": 20,
              "width": 323,
            }
          }
          type="text"
          underlineShow={true}
          value=""
        />
        <br />
        <i
          className="material-icons"
        >
          mail
        </i>
        <TextField
          disabled={false}
          floatingLabelFixed={false}
          floatingLabelText="Email"
          fullWidth={false}
          multiLine={false}
          name="email"
          onChange={[Function]}
          rows={1}
          style={
            Object {
              "marginLeft": 20,
              "width": 323,
            }
          }
          type="text"
          underlineShow={true}
          value=""
        />
        <br />
        <i
          className="material-icons"
        >
          lock
        </i>
        <TextField
          disabled={false}
          floatingLabelFixed={false}
          floatingLabelText="Password"
          fullWidth={false}
          multiLine={false}
          name="password"
          onChange={[Function]}
          rows={1}
          style={
            Object {
              "marginLeft": 20,
              "width": 323,
            }
          }
<<<<<<< HEAD
<<<<<<< HEAD
          type="password"
=======
          type="text"
>>>>>>> [Feature 155119223]:
=======
          type="password"
>>>>>>> [chore] Add tests
          underlineShow={true}
          value=""
        />
        <br />
        <br />
        <br />
        <div
          className="buttons"
        >
          <button
            className="network"
            id="one"
            onClick={[Function]}
          >
            Register
          </button>
          <Link
            replace={false}
            to="/"
          >
            <button
              className="network"
              id="two"
            >
              Cancel
            </button>
          </Link>
          <p>
            Already have an account? 
            <Link
              id="button"
              replace={false}
              to="/login"
              type="button"
            >
              Login
            </Link>
          </p>
                      
          <br />
        </div>
      </Paper>
      <br />
    </div>
  </div>
</MuiThemeProvider>
`;
